>>> from 0_add_integer import add_integer
>>> add_integer(1, 2)
3
>>> add_integer(100, -2)
98
>>> add_integer(2.5, 3)
5
>>> add_integer(10)
108
>>> add_integer("a", 2)
Traceback (most recent call last):
    ...
TypeError: a must be an integer
